2026-08-03 18:00:20 - INFO - utils.data_parser - data_parser.py:22 - 数据管理器初始化
2026-08-03 18:00:20 - INFO - utils.tool_manager - tool_manager.py:54 - 加载工具配置文件: C:\Users\xbzhong\Desktop\lint\script\monitor\develop\monitor\monitor2.5\data\tools.json
2026-08-03 18:00:20 - INFO - utils.tool_manager - tool_manager.py:45 - 工具管理器初始化完成
2026-08-03 18:00:20 - INFO - utils.data_manager - data_manager.py:44 - 数据管理器初始化
2026-08-03 18:00:20 - INFO - __main__ - app.py:189 - 启动性能监控平台后端服务
2026-08-03 18:00:20 - INFO - werkzeug - _internal.py:97 - [31m[1mWARNING: This is a development server. Do not use it in a production deployment. Use a production WSGI server instead.[0m
 * Running on all addresses (0.0.0.0)
 * Running on http://127.0.0.1:5020
 * Running on http://192.168.0.112:5020
2026-08-03 18:00:20 - INFO - werkzeug - _internal.py:97 - [33mPress CTRL+C to quit[0m
2026-08-03 18:00:20 - INFO - werkzeug - _internal.py:97 -  * Restarting with stat
2026-08-03 18:00:20 - INFO - utils.data_parser - data_parser.py:22 - 数据管理器初始化
2026-08-03 18:00:20 - INFO - utils.tool_manager - tool_manager.py:54 - 加载工具配置文件: C:\Users\xbzhong\Desktop\lint\script\monitor\develop\monitor\monitor2.5\data\tools.json
2026-08-03 18:00:20 - INFO - utils.tool_manager - tool_manager.py:45 - 工具管理器初始化完成
2026-08-03 18:00:20 - INFO - utils.data_manager - data_manager.py:44 - 数据管理器初始化
2026-08-03 18:00:20 - INFO - __main__ - app.py:189 - 启动性能监控平台后端服务
2026-08-03 18:00:20 - WARN - werkzeug - _internal.py:97 -  * Debugger is active!
2026-08-03 18:00:20 - INFO - werkzeug - _internal.py:97 -  * Debugger PIN: 103-576-207
2026-08-03 18:00:22 - INFO - werkzeug - _internal.py:97 - 192.168.0.112 - - [03/Aug/2026 18:00:22] "GET /tool/elint/performance HTTP/1.1" 200 -
2026-08-03 18:00:22 - INFO - werkzeug - _internal.py:97 - 192.168.0.112 - - [03/Aug/2026 18:00:22] "[36mGET /static/js/echarts.min.js HTTP/1.1[0m" 304 -
2026-08-03 18:00:22 - INFO - werkzeug - _internal.py:97 - 192.168.0.112 - - [03/Aug/2026 18:00:22] "[36mGET /static/js/tool.js HTTP/1.1[0m" 304 -
2026-08-03 18:00:22 - INFO - werkzeug - _internal.py:97 - 192.168.0.112 - - [03/Aug/2026 18:00:22] "[36mGET /static/js/axios.min.js HTTP/1.1[0m" 304 -
2026-08-03 18:00:22 - INFO - werkzeug - _internal.py:97 - 192.168.0.112 - - [03/Aug/2026 18:00:22] "[33mGET /static/js/axios.min.js.map HTTP/1.1[0m" 404 -
2026-08-03 18:00:22 - INFO - werkzeug - _internal.py:97 - 192.168.0.112 - - [03/Aug/2026 18:00:22] "[36mGET /static/css/style.css HTTP/1.1[0m" 304 -
2026-08-03 18:00:22 - INFO - werkzeug - _internal.py:97 - 192.168.0.112 - - [03/Aug/2026 18:00:22] "[36mGET /static/js/multi_thread.js HTTP/1.1[0m" 304 -
2026-08-03 18:00:22 - INFO - werkzeug - _internal.py:97 - 192.168.0.112 - - [03/Aug/2026 18:00:22] "[36mGET /static/js/single_thread.js HTTP/1.1[0m" 304 -
2026-08-03 18:00:23 - INFO - werkzeug - _internal.py:97 - 192.168.0.112 - - [03/Aug/2026 18:00:23] "[36mGET /static/js/thread_chart.js HTTP/1.1[0m" 304 -
2026-08-03 18:00:23 - INFO - werkzeug - _internal.py:97 - 192.168.0.112 - - [03/Aug/2026 18:00:23] "GET /api/tools HTTP/1.1" 200 -
2026-08-03 18:00:23 - INFO - utils.data_manager - data_manager.py:52 - 创建用户数据目录: C:\Users\xbzhong\Desktop\lint\script\monitor\develop\monitor\monitor2.5\data\elint\f6fff992-f5a6-45e7-9c4a-0b226e21a3f9，并copy相应的文件
2026-08-03 18:00:23 - INFO - utils.data_manager - data_manager.py:477 - 加载工具elint单线程数据
2026-08-03 18:00:23 - INFO - utils.data_manager - data_manager.py:106 - 用户 f6fff992-f5a6-45e7-9c4a-0b226e21a3f9 加载工具 elint 的 single 数据到前端
2026-08-03 18:00:23 - INFO - utils.data_manager - data_manager.py:126 - 用户 f6fff992-f5a6-45e7-9c4a-0b226e21a3f9 第一次加载 single 数据，返回所有数据
2026-08-03 18:00:23 - INFO - utils.common - common.py:85 - 成功保存工具数据到 C:\Users\xbzhong\Desktop\lint\script\monitor\develop\monitor\monitor2.5\data\elint\dataFiles.json
2026-08-03 18:00:23 - WARN - utils.common - common.py:98 - 加载工具数据失败, 文件不存在: C:\Users\xbzhong\Desktop\lint\script\monitor\develop\monitor\monitor2.5\data\elint\single.json
2026-08-03 18:00:23 - INFO - utils.data_manager - data_manager.py:158 - 后台解析开始: elint:single
2026-08-03 18:00:23 - INFO - utils.data_parser - data_parser.py:35 - 解析单线程数据 - elint
2026-08-03 18:00:23 - INFO - utils.single_thread_parser - single_thread_parser.py:17 - 数据管理器初始化
2026-08-03 18:00:23 - INFO - utils.common - single_thread_parser.py:75 - 开始记录解析到的规则数据，tool_id: elint, casename: aes, type: cputime
2026-08-03 18:00:23 - INFO - utils.common - common.py:85 - 成功保存工具数据到 C:\Users\xbzhong\Desktop\lint\script\monitor\develop\monitor\monitor2.5\data\elint\original\single\aes\cputime\Analysis.json
2026-08-03 18:00:23 - INFO - utils.common - common.py:85 - 成功保存工具数据到 C:\Users\xbzhong\Desktop\lint\script\monitor\develop\monitor\monitor2.5\data\elint\original\single\aes\cputime\Elaborate.json
2026-08-03 18:00:23 - INFO - utils.common - common.py:85 - 成功保存工具数据到 C:\Users\xbzhong\Desktop\lint\script\monitor\develop\monitor\monitor2.5\data\elint\original\single\aes\cputime\DoUniquify.json
2026-08-03 18:00:23 - INFO - utils.common - common.py:85 - 成功保存工具数据到 C:\Users\xbzhong\Desktop\lint\script\monitor\develop\monitor\monitor2.5\data\elint\original\single\aes\cputime\astManager.json
2026-08-03 18:00:23 - INFO - utils.common - common.py:85 - 成功保存工具数据到 C:\Users\xbzhong\Desktop\lint\script\monitor\develop\monitor\monitor2.5\data\elint\original\single\aes\cputime\ltUtData.json
2026-08-03 18:00:23 - INFO - utils.common - common.py:85 - 成功保存工具数据到 C:\Users\xbzhong\Desktop\lint\script\monitor\develop\monitor\monitor2.5\data\elint\original\single\aes\cputime\E0136.json
2026-08-03 18:00:23 - INFO - utils.common - common.py:85 - 成功保存工具数据到 C:\Users\xbzhong\Desktop\lint\script\monitor\develop\monitor\monitor2.5\data\elint\original\single\aes\cputime\E0306.json
2026-08-03 18:00:23 - INFO - utils.common - common.py:85 - 成功保存工具数据到 C:\Users\xbzhong\Desktop\lint\script\monitor\develop\monitor\monitor2.5\data\elint\original\single\aes\cputime\E0267.json
2026-08-03 18:00:23 - INFO - utils.common - common.py:85 - 成功保存工具数据到 C:\Users\xbzhong\Desktop\lint\script\monitor\develop\monitor\monitor2.5\data\elint\original\single\aes\cputime\Overall.json
2026-08-03 18:00:23 - INFO - utils.common - single_thread_parser.py:75 - 开始记录解析到的规则数据，tool_id: elint, casename: aes, type: peakmem
2026-08-03 18:00:23 - INFO - utils.common - common.py:85 - 成功保存工具数据到 C:\Users\xbzhong\Desktop\lint\script\monitor\develop\monitor\monitor2.5\data\elint\original\single\aes\peakmem\Analysis.json
2026-08-03 18:00:23 - INFO - utils.common - common.py:85 - 成功保存工具数据到 C:\Users\xbzhong\Desktop\lint\script\monitor\develop\monitor\monitor2.5\data\elint\original\single\aes\peakmem\Elaborate.json
2026-08-03 18:00:23 - INFO - utils.common - common.py:85 - 成功保存工具数据到 C:\Users\xbzhong\Desktop\lint\script\monitor\develop\monitor\monitor2.5\data\elint\original\single\aes\peakmem\DoUniquify.json
2026-08-03 18:00:23 - INFO - utils.common - common.py:85 - 成功保存工具数据到 C:\Users\xbzhong\Desktop\lint\script\monitor\develop\monitor\monitor2.5\data\elint\original\single\aes\peakmem\astManager.json
2026-08-03 18:00:23 - INFO - utils.common - common.py:85 - 成功保存工具数据到 C:\Users\xbzhong\Desktop\lint\script\monitor\develop\monitor\monitor2.5\data\elint\original\single\aes\peakmem\ltUtData.json
2026-08-03 18:00:23 - INFO - utils.common - common.py:85 - 成功保存工具数据到 C:\Users\xbzhong\Desktop\lint\script\monitor\develop\monitor\monitor2.5\data\elint\original\single\aes\peakmem\E0136.json
2026-08-03 18:00:23 - INFO - utils.common - common.py:85 - 成功保存工具数据到 C:\Users\xbzhong\Desktop\lint\script\monitor\develop\monitor\monitor2.5\data\elint\original\single\aes\peakmem\E0306.json
2026-08-03 18:00:23 - INFO - utils.common - common.py:85 - 成功保存工具数据到 C:\Users\xbzhong\Desktop\lint\script\monitor\develop\monitor\monitor2.5\data\elint\original\single\aes\peakmem\E0267.json
2026-08-03 18:00:23 - INFO - utils.common - common.py:85 - 成功保存工具数据到 C:\Users\xbzhong\Desktop\lint\script\monitor\develop\monitor\monitor2.5\data\elint\original\single\aes\peakmem\Overall.json
2026-08-03 18:00:23 - INFO - utils.common - single_thread_parser.py:75 - 开始记录解析到的规则数据，tool_id: elint, casename: aes, type: realtime
2026-08-03 18:00:23 - INFO - utils.common - common.py:85 - 成功保存工具数据到 C:\Users\xbzhong\Desktop\lint\script\monitor\develop\monitor\monitor2.5\data\elint\original\single\aes\realtime\Analysis.json
2026-08-03 18:00:23 - INFO - utils.common - common.py:85 - 成功保存工具数据到 C:\Users\xbzhong\Desktop\lint\script\monitor\develop\monitor\monitor2.5\data\elint\original\single\aes\realtime\Elaborate.json
2026-08-03 18:00:23 - INFO - utils.common - common.py:85 - 成功保存工具数据到 C:\Users\xbzhong\Desktop\lint\script\monitor\develop\monitor\monitor2.5\data\elint\original\single\aes\realtime\DoUniquify.json
2026-08-03 18:00:23 - INFO - utils.common - common.py:85 - 成功保存工具数据到 C:\Users\xbzhong\Desktop\lint\script\monitor\develop\monitor\monitor2.5\data\elint\original\single\aes\realtime\astManager.json
2026-08-03 18:00:23 - INFO - utils.common - common.py:85 - 成功保存工具数据到 C:\Users\xbzhong\Desktop\lint\script\monitor\develop\monitor\monitor2.5\data\elint\original\single\aes\realtime\ltUtData.json
2026-08-03 18:00:23 - INFO - utils.common - common.py:85 - 成功保存工具数据到 C:\Users\xbzhong\Desktop\lint\script\monitor\develop\monitor\monitor2.5\data\elint\original\single\aes\realtime\E0136.json
2026-08-03 18:00:23 - INFO - utils.common - common.py:85 - 成功保存工具数据到 C:\Users\xbzhong\Desktop\lint\script\monitor\develop\monitor\monitor2.5\data\elint\original\single\aes\realtime\E0306.json
2026-08-03 18:00:23 - INFO - utils.common - common.py:85 - 成功保存工具数据到 C:\Users\xbzhong\Desktop\lint\script\monitor\develop\monitor\monitor2.5\data\elint\original\single\aes\realtime\E0267.json
2026-08-03 18:00:23 - INFO - utils.common - common.py:85 - 成功保存工具数据到 C:\Users\xbzhong\Desktop\lint\script\monitor\develop\monitor\monitor2.5\data\elint\original\single\aes\realtime\Overall.json
2026-08-03 18:00:23 - INFO - utils.common - single_thread_parser.py:75 - 开始记录解析到的规则数据，tool_id: elint, casename: aes, type: incmen
2026-08-03 18:00:23 - INFO - utils.common - common.py:85 - 成功保存工具数据到 C:\Users\xbzhong\Desktop\lint\script\monitor\develop\monitor\monitor2.5\data\elint\original\single\aes\incmen\Analysis.json
2026-08-03 18:00:23 - INFO - utils.common - common.py:85 - 成功保存工具数据到 C:\Users\xbzhong\Desktop\lint\script\monitor\develop\monitor\monitor2.5\data\elint\original\single\aes\incmen\Elaborate.json
2026-08-03 18:00:23 - INFO - utils.common - common.py:85 - 成功保存工具数据到 C:\Users\xbzhong\Desktop\lint\script\monitor\develop\monitor\monitor2.5\data\elint\original\single\aes\incmen\DoUniquify.json
2026-08-03 18:00:23 - INFO - utils.common - common.py:85 - 成功保存工具数据到 C:\Users\xbzhong\Desktop\lint\script\monitor\develop\monitor\monitor2.5\data\elint\original\single\aes\incmen\astManager.json
2026-08-03 18:00:23 - INFO - utils.common - common.py:85 - 成功保存工具数据到 C:\Users\xbzhong\Desktop\lint\script\monitor\develop\monitor\monitor2.5\data\elint\original\single\aes\incmen\ltUtData.json
2026-08-03 18:00:23 - INFO - utils.common - common.py:85 - 成功保存工具数据到 C:\Users\xbzhong\Desktop\lint\script\monitor\develop\monitor\monitor2.5\data\elint\original\single\aes\incmen\E0136.json
2026-08-03 18:00:23 - INFO - utils.common - common.py:85 - 成功保存工具数据到 C:\Users\xbzhong\Desktop\lint\script\monitor\develop\monitor\monitor2.5\data\elint\original\single\aes\incmen\E0306.json
2026-08-03 18:00:23 - INFO - utils.common - common.py:85 - 成功保存工具数据到 C:\Users\xbzhong\Desktop\lint\script\monitor\develop\monitor\monitor2.5\data\elint\original\single\aes\incmen\E0267.json
2026-08-03 18:00:23 - INFO - utils.common - common.py:85 - 成功保存工具数据到 C:\Users\xbzhong\Desktop\lint\script\monitor\develop\monitor\monitor2.5\data\elint\original\single\aes\incmen\Overall.json
2026-08-03 18:00:23 - INFO - utils.common - single_thread_parser.py:75 - 开始记录解析到的规则数据，tool_id: elint, casename: aes, type: realtimeincmen
2026-08-03 18:00:23 - INFO - utils.common - common.py:85 - 成功保存工具数据到 C:\Users\xbzhong\Desktop\lint\script\monitor\develop\monitor\monitor2.5\data\elint\original\single\aes\realtimeincmen\Analysis.json
2026-08-03 18:00:23 - INFO - utils.common - common.py:85 - 成功保存工具数据到 C:\Users\xbzhong\Desktop\lint\script\monitor\develop\monitor\monitor2.5\data\elint\original\single\aes\realtimeincmen\Elaborate.json
2026-08-03 18:00:23 - INFO - utils.common - common.py:85 - 成功保存工具数据到 C:\Users\xbzhong\Desktop\lint\script\monitor\develop\monitor\monitor2.5\data\elint\original\single\aes\realtimeincmen\DoUniquify.json
2026-08-03 18:00:23 - INFO - utils.common - common.py:85 - 成功保存工具数据到 C:\Users\xbzhong\Desktop\lint\script\monitor\develop\monitor\monitor2.5\data\elint\original\single\aes\realtimeincmen\astManager.json
2026-08-03 18:00:23 - INFO - utils.common - common.py:85 - 成功保存工具数据到 C:\Users\xbzhong\Desktop\lint\script\monitor\develop\monitor\monitor2.5\data\elint\original\single\aes\realtimeincmen\ltUtData.json
2026-08-03 18:00:23 - INFO - utils.common - common.py:85 - 成功保存工具数据到 C:\Users\xbzhong\Desktop\lint\script\monitor\develop\monitor\monitor2.5\data\elint\original\single\aes\realtimeincmen\E0136.json
2026-08-03 18:00:23 - INFO - utils.common - common.py:85 - 成功保存工具数据到 C:\Users\xbzhong\Desktop\lint\script\monitor\develop\monitor\monitor2.5\data\elint\original\single\aes\realtimeincmen\E0306.json
2026-08-03 18:00:23 - INFO - utils.common - common.py:85 - 成功保存工具数据到 C:\Users\xbzhong\Desktop\lint\script\monitor\develop\monitor\monitor2.5\data\elint\original\single\aes\realtimeincmen\E0267.json
2026-08-03 18:00:23 - INFO - utils.common - common.py:85 - 成功保存工具数据到 C:\Users\xbzhong\Desktop\lint\script\monitor\develop\monitor\monitor2.5\data\elint\original\single\aes\realtimeincmen\Overall.json
2026-08-03 18:00:23 - INFO - utils.common - single_thread_parser.py:75 - 开始记录解析到的规则数据，tool_id: elint, casename: nv, type: cputime
2026-08-03 18:00:23 - INFO - utils.common - common.py:85 - 成功保存工具数据到 C:\Users\xbzhong\Desktop\lint\script\monitor\develop\monitor\monitor2.5\data\elint\original\single\nv\cputime\Analysis.json
2026-08-03 18:00:23 - INFO - utils.common - common.py:85 - 成功保存工具数据到 C:\Users\xbzhong\Desktop\lint\script\monitor\develop\monitor\monitor2.5\data\elint\original\single\nv\cputime\Elaborate.json
2026-08-03 18:00:23 - INFO - utils.common - common.py:85 - 成功保存工具数据到 C:\Users\xbzhong\Desktop\lint\script\monitor\develop\monitor\monitor2.5\data\elint\original\single\nv\cputime\DoUniquify.json
2026-08-03 18:00:23 - INFO - utils.common - common.py:85 - 成功保存工具数据到 C:\Users\xbzhong\Desktop\lint\script\monitor\develop\monitor\monitor2.5\data\elint\original\single\nv\cputime\astManager.json
2026-08-03 18:00:23 - INFO - utils.common - common.py:85 - 成功保存工具数据到 C:\Users\xbzhong\Desktop\lint\script\monitor\develop\monitor\monitor2.5\data\elint\original\single\nv\cputime\ltUtData.json
2026-08-03 18:00:23 - INFO - utils.common - common.py:85 - 成功保存工具数据到 C:\Users\xbzhong\Desktop\lint\script\monitor\develop\monitor\monitor2.5\data\elint\original\single\nv\cputime\E0136.json
2026-08-03 18:00:23 - INFO - utils.common - common.py:85 - 成功保存工具数据到 C:\Users\xbzhong\Desktop\lint\script\monitor\develop\monitor\monitor2.5\data\elint\original\single\nv\cputime\E0306.json
2026-08-03 18:00:23 - INFO - utils.common - common.py:85 - 成功保存工具数据到 C:\Users\xbzhong\Desktop\lint\script\monitor\develop\monitor\monitor2.5\data\elint\original\single\nv\cputime\E0267.json
2026-08-03 18:00:23 - INFO - utils.common - common.py:85 - 成功保存工具数据到 C:\Users\xbzhong\Desktop\lint\script\monitor\develop\monitor\monitor2.5\data\elint\original\single\nv\cputime\Overall.json
2026-08-03 18:00:23 - INFO - utils.common - single_thread_parser.py:75 - 开始记录解析到的规则数据，tool_id: elint, casename: nv, type: peakmem
2026-08-03 18:00:23 - INFO - utils.common - common.py:85 - 成功保存工具数据到 C:\Users\xbzhong\Desktop\lint\script\monitor\develop\monitor\monitor2.5\data\elint\original\single\nv\peakmem\Analysis.json
2026-08-03 18:00:23 - INFO - utils.common - common.py:85 - 成功保存工具数据到 C:\Users\xbzhong\Desktop\lint\script\monitor\develop\monitor\monitor2.5\data\elint\original\single\nv\peakmem\Elaborate.json
2026-08-03 18:00:23 - INFO - utils.common - common.py:85 - 成功保存工具数据到 C:\Users\xbzhong\Desktop\lint\script\monitor\develop\monitor\monitor2.5\data\elint\original\single\nv\peakmem\DoUniquify.json
2026-08-03 18:00:23 - INFO - utils.common - common.py:85 - 成功保存工具数据到 C:\Users\xbzhong\Desktop\lint\script\monitor\develop\monitor\monitor2.5\data\elint\original\single\nv\peakmem\astManager.json
2026-08-03 18:00:23 - INFO - utils.common - common.py:85 - 成功保存工具数据到 C:\Users\xbzhong\Desktop\lint\script\monitor\develop\monitor\monitor2.5\data\elint\original\single\nv\peakmem\ltUtData.json
2026-08-03 18:00:23 - INFO - utils.common - common.py:85 - 成功保存工具数据到 C:\Users\xbzhong\Desktop\lint\script\monitor\develop\monitor\monitor2.5\data\elint\original\single\nv\peakmem\E0136.json
2026-08-03 18:00:23 - INFO - utils.common - common.py:85 - 成功保存工具数据到 C:\Users\xbzhong\Desktop\lint\script\monitor\develop\monitor\monitor2.5\data\elint\original\single\nv\peakmem\E0306.json
2026-08-03 18:00:23 - INFO - utils.common - common.py:85 - 成功保存工具数据到 C:\Users\xbzhong\Desktop\lint\script\monitor\develop\monitor\monitor2.5\data\elint\original\single\nv\peakmem\E0267.json
2026-08-03 18:00:23 - INFO - utils.common - common.py:85 - 成功保存工具数据到 C:\Users\xbzhong\Desktop\lint\script\monitor\develop\monitor\monitor2.5\data\elint\original\single\nv\peakmem\Overall.json
2026-08-03 18:00:23 - INFO - utils.common - single_thread_parser.py:75 - 开始记录解析到的规则数据，tool_id: elint, casename: nv, type: realtime
2026-08-03 18:00:23 - INFO - utils.common - common.py:85 - 成功保存工具数据到 C:\Users\xbzhong\Desktop\lint\script\monitor\develop\monitor\monitor2.5\data\elint\original\single\nv\realtime\Analysis.json
2026-08-03 18:00:23 - INFO - utils.common - common.py:85 - 成功保存工具数据到 C:\Users\xbzhong\Desktop\lint\script\monitor\develop\monitor\monitor2.5\data\elint\original\single\nv\realtime\Elaborate.json
2026-08-03 18:00:23 - INFO - utils.common - common.py:85 - 成功保存工具数据到 C:\Users\xbzhong\Desktop\lint\script\monitor\develop\monitor\monitor2.5\data\elint\original\single\nv\realtime\DoUniquify.json
2026-08-03 18:00:23 - INFO - utils.common - common.py:85 - 成功保存工具数据到 C:\Users\xbzhong\Desktop\lint\script\monitor\develop\monitor\monitor2.5\data\elint\original\single\nv\realtime\astManager.json
2026-08-03 18:00:23 - INFO - utils.common - common.py:85 - 成功保存工具数据到 C:\Users\xbzhong\Desktop\lint\script\monitor\develop\monitor\monitor2.5\data\elint\original\single\nv\realtime\ltUtData.json
2026-08-03 18:00:23 - INFO - utils.common - common.py:85 - 成功保存工具数据到 C:\Users\xbzhong\Desktop\lint\script\monitor\develop\monitor\monitor2.5\data\elint\original\single\nv\realtime\E0136.json
2026-08-03 18:00:23 - INFO - utils.common - common.py:85 - 成功保存工具数据到 C:\Users\xbzhong\Desktop\lint\script\monitor\develop\monitor\monitor2.5\data\elint\original\single\nv\realtime\E0306.json
2026-08-03 18:00:23 - INFO - utils.common - common.py:85 - 成功保存工具数据到 C:\Users\xbzhong\Desktop\lint\script\monitor\develop\monitor\monitor2.5\data\elint\original\single\nv\realtime\E0267.json
2026-08-03 18:00:23 - INFO - utils.common - common.py:85 - 成功保存工具数据到 C:\Users\xbzhong\Desktop\lint\script\monitor\develop\monitor\monitor2.5\data\elint\original\single\nv\realtime\Overall.json
2026-08-03 18:00:23 - INFO - utils.common - single_thread_parser.py:75 - 开始记录解析到的规则数据，tool_id: elint, casename: nv, type: incmen
2026-08-03 18:00:23 - INFO - utils.common - common.py:85 - 成功保存工具数据到 C:\Users\xbzhong\Desktop\lint\script\monitor\develop\monitor\monitor2.5\data\elint\original\single\nv\incmen\Analysis.json
2026-08-03 18:00:23 - INFO - utils.common - common.py:85 - 成功保存工具数据到 C:\Users\xbzhong\Desktop\lint\script\monitor\develop\monitor\monitor2.5\data\elint\original\single\nv\incmen\Elaborate.json
2026-08-03 18:00:23 - INFO - utils.common - common.py:85 - 成功保存工具数据到 C:\Users\xbzhong\Desktop\lint\script\monitor\develop\monitor\monitor2.5\data\elint\original\single\nv\incmen\DoUniquify.json
2026-08-03 18:00:23 - INFO - utils.common - common.py:85 - 成功保存工具数据到 C:\Users\xbzhong\Desktop\lint\script\monitor\develop\monitor\monitor2.5\data\elint\original\single\nv\incmen\astManager.json
2026-08-03 18:00:23 - INFO - utils.common - common.py:85 - 成功保存工具数据到 C:\Users\xbzhong\Desktop\lint\script\monitor\develop\monitor\monitor2.5\data\elint\original\single\nv\incmen\ltUtData.json
2026-08-03 18:00:23 - INFO - utils.common - common.py:85 - 成功保存工具数据到 C:\Users\xbzhong\Desktop\lint\script\monitor\develop\monitor\monitor2.5\data\elint\original\single\nv\incmen\E0136.json
2026-08-03 18:00:23 - INFO - utils.common - common.py:85 - 成功保存工具数据到 C:\Users\xbzhong\Desktop\lint\script\monitor\develop\monitor\monitor2.5\data\elint\original\single\nv\incmen\E0306.json
2026-08-03 18:00:23 - INFO - utils.common - common.py:85 - 成功保存工具数据到 C:\Users\xbzhong\Desktop\lint\script\monitor\develop\monitor\monitor2.5\data\elint\original\single\nv\incmen\E0267.json
2026-08-03 18:00:23 - INFO - utils.common - common.py:85 - 成功保存工具数据到 C:\Users\xbzhong\Desktop\lint\script\monitor\develop\monitor\monitor2.5\data\elint\original\single\nv\incmen\Overall.json
2026-08-03 18:00:23 - INFO - utils.common - single_thread_parser.py:75 - 开始记录解析到的规则数据，tool_id: elint, casename: nv, type: realtimeincmen
2026-08-03 18:00:23 - INFO - utils.common - common.py:85 - 成功保存工具数据到 C:\Users\xbzhong\Desktop\lint\script\monitor\develop\monitor\monitor2.5\data\elint\original\single\nv\realtimeincmen\Analysis.json
2026-08-03 18:00:23 - INFO - utils.common - common.py:85 - 成功保存工具数据到 C:\Users\xbzhong\Desktop\lint\script\monitor\develop\monitor\monitor2.5\data\elint\original\single\nv\realtimeincmen\Elaborate.json
2026-08-03 18:00:23 - INFO - utils.common - common.py:85 - 成功保存工具数据到 C:\Users\xbzhong\Desktop\lint\script\monitor\develop\monitor\monitor2.5\data\elint\original\single\nv\realtimeincmen\DoUniquify.json
2026-08-03 18:00:23 - INFO - utils.common - common.py:85 - 成功保存工具数据到 C:\Users\xbzhong\Desktop\lint\script\monitor\develop\monitor\monitor2.5\data\elint\original\single\nv\realtimeincmen\astManager.json
2026-08-03 18:00:23 - INFO - utils.common - common.py:85 - 成功保存工具数据到 C:\Users\xbzhong\Desktop\lint\script\monitor\develop\monitor\monitor2.5\data\elint\original\single\nv\realtimeincmen\ltUtData.json
2026-08-03 18:00:23 - INFO - utils.common - common.py:85 - 成功保存工具数据到 C:\Users\xbzhong\Desktop\lint\script\monitor\develop\monitor\monitor2.5\data\elint\original\single\nv\realtimeincmen\E0136.json
2026-08-03 18:00:23 - INFO - utils.common - common.py:85 - 成功保存工具数据到 C:\Users\xbzhong\Desktop\lint\script\monitor\develop\monitor\monitor2.5\data\elint\original\single\nv\realtimeincmen\E0306.json
2026-08-03 18:00:23 - INFO - utils.common - common.py:85 - 成功保存工具数据到 C:\Users\xbzhong\Desktop\lint\script\monitor\develop\monitor\monitor2.5\data\elint\original\single\nv\realtimeincmen\E0267.json
2026-08-03 18:00:23 - INFO - utils.common - common.py:85 - 成功保存工具数据到 C:\Users\xbzhong\Desktop\lint\script\monitor\develop\monitor\monitor2.5\data\elint\original\single\nv\realtimeincmen\Overall.json
2026-08-03 18:00:23 - WARN - utils.common - single_thread_parser.py:62 - 解析单线程数据完成，casename_rule_dates: {'aes': {'cputime': {'Analysis': ['20260510', '20260511', '20260512'], 'Elaborate': ['20260510', '20260511'], 'DoUniquify': ['20260510', '20260511', '20260512'], 'astManager': ['20260510', '20260512'], 'ltUtData': ['20260510', '20260511', '20260512'], 'E0136': ['20260510', '20260511', '20260512'], 'E0306': ['20260510', '20260511', '20260512'], 'E0267': ['20260510', '20260511', '20260512'], 'Overall': ['20260511', '20260512']}, 'peakmem': {'Analysis': ['20260510', '20260511', '20260512'], 'Elaborate': ['20260510', '20260511'], 'DoUniquify': ['20260510', '20260511', '20260512'], 'astManager': ['20260510', '20260512'], 'ltUtData': ['20260510', '20260511', '20260512'], 'E0136': ['20260510', '20260511', '20260512'], 'E0306': ['20260510', '20260511', '20260512'], 'E0267': ['20260510', '20260511', '20260512'], 'Overall': ['20260511', '20260512']}, 'realtime': {'Analysis': ['20260510', '20260511', '20260512'], 'Elaborate': ['20260510', '20260511'], 'DoUniquify': ['20260510', '20260511', '20260512'], 'astManager': ['20260510', '20260512'], 'ltUtData': ['20260510', '20260511', '20260512'], 'E0136': ['20260510', '20260511', '20260512'], 'E0306': ['20260510', '20260511', '20260512'], 'E0267': ['20260510', '20260511', '20260512'], 'Overall': ['20260511', '20260512']}, 'incmen': {'Analysis': ['20260510', '20260511', '20260512'], 'Elaborate': ['20260510', '20260511'], 'DoUniquify': ['20260510', '20260511', '20260512'], 'astManager': ['20260510', '20260512'], 'ltUtData': ['20260510', '20260511', '20260512'], 'E0136': ['20260510', '20260511', '20260512'], 'E0306': ['20260510', '20260511', '20260512'], 'E0267': ['20260510', '20260511', '20260512'], 'Overall': ['20260511', '20260512']}, 'realtimeincmen': {'Analysis': ['20260510', '20260511', '20260512'], 'Elaborate': ['20260510', '20260511'], 'DoUniquify': ['20260510', '20260511', '20260512'], 'astManager': ['20260510', '20260512'], 'ltUtData': ['20260510', '20260511', '20260512'], 'E0136': ['20260510', '20260511', '20260512'], 'E0306': ['20260510', '20260511', '20260512'], 'E0267': ['20260510', '20260511', '20260512'], 'Overall': ['20260511', '20260512']}}, 'nv': {'cputime': {'Analysis': ['20260510', '20260511', '20260512'], 'Elaborate': ['20260510', '20260511'], 'DoUniquify': ['20260510', '20260511', '20260512'], 'astManager': ['20260510', '20260512'], 'ltUtData': ['20260510', '20260511', '20260512'], 'E0136': ['20260510', '20260511', '20260512'], 'E0306': ['20260510', '20260511', '20260512'], 'E0267': ['20260510', '20260511', '20260512'], 'Overall': ['20260511', '20260512']}, 'peakmem': {'Analysis': ['20260510', '20260511', '20260512'], 'Elaborate': ['20260510', '20260511'], 'DoUniquify': ['20260510', '20260511', '20260512'], 'astManager': ['20260510', '20260512'], 'ltUtData': ['20260510', '20260511', '20260512'], 'E0136': ['20260510', '20260511', '20260512'], 'E0306': ['20260510', '20260511', '20260512'], 'E0267': ['20260510', '20260511', '20260512'], 'Overall': ['20260511', '20260512']}, 'realtime': {'Analysis': ['20260510', '20260511', '20260512'], 'Elaborate': ['20260510', '20260511'], 'DoUniquify': ['20260510', '20260511', '20260512'], 'astManager': ['20260510', '20260512'], 'ltUtData': ['20260510', '20260511', '20260512'], 'E0136': ['20260510', '20260511', '20260512'], 'E0306': ['20260510', '20260511', '20260512'], 'E0267': ['20260510', '20260511', '20260512'], 'Overall': ['20260511', '20260512']}, 'incmen': {'Analysis': ['20260510', '20260511', '20260512'], 'Elaborate': ['20260510', '20260511'], 'DoUniquify': ['20260510', '20260511', '20260512'], 'astManager': ['20260510', '20260512'], 'ltUtData': ['20260510', '20260511', '20260512'], 'E0136': ['20260510', '20260511', '20260512'], 'E0306': ['20260510', '20260511', '20260512'], 'E0267': ['20260510', '20260511', '20260512'], 'Overall': ['20260511', '20260512']}, 'realtimeincmen': {'Analysis': ['20260510', '20260511', '20260512'], 'Elaborate': ['20260510', '20260511'], 'DoUniquify': ['20260510', '20260511', '20260512'], 'astManager': ['20260510', '20260512'], 'ltUtData': ['20260510', '20260511', '20260512'], 'E0136': ['20260510', '20260511', '20260512'], 'E0306': ['20260510', '20260511', '20260512'], 'E0267': ['20260510', '20260511', '20260512'], 'Overall': ['20260511', '20260512']}}}
2026-08-03 18:00:23 - INFO - utils.common - common.py:85 - 成功保存工具数据到 C:\Users\xbzhong\Desktop\lint\script\monitor\develop\monitor\monitor2.5\data\elint\single.json
2026-08-03 18:00:23 - INFO - utils.data_manager - data_manager.py:163 - 后台解析完成并保存: C:\Users\xbzhong\Desktop\lint\script\monitor\develop\monitor\monitor2.5\data\elint\single.json
2026-08-03 18:00:23 - INFO - utils.data_manager - data_manager.py:497 - 加载工具elint多线程数据
2026-08-03 18:00:23 - INFO - utils.data_manager - data_manager.py:106 - 用户 f6fff992-f5a6-45e7-9c4a-0b226e21a3f9 加载工具 elint 的 multi 数据到前端
2026-08-03 18:00:23 - INFO - utils.common - common.py:95 - 成功加载工具数据从 C:\Users\xbzhong\Desktop\lint\script\monitor\develop\monitor\monitor2.5\data\elint\dataFiles.json
2026-08-03 18:00:23 - INFO - utils.data_manager - data_manager.py:133 - 用户 f6fff992-f5a6-45e7-9c4a-0b226e21a3f9 新增 multi 数据，返回新增数据
2026-08-03 18:00:23 - INFO - utils.common - common.py:85 - 成功保存工具数据到 C:\Users\xbzhong\Desktop\lint\script\monitor\develop\monitor\monitor2.5\data\elint\dataFiles.json
2026-08-03 18:00:23 - WARN - utils.common - common.py:98 - 加载工具数据失败, 文件不存在: C:\Users\xbzhong\Desktop\lint\script\monitor\develop\monitor\monitor2.5\data\elint\multi.json
2026-08-03 18:00:23 - INFO - utils.data_manager - data_manager.py:158 - 后台解析开始: elint:multi
2026-08-03 18:00:23 - INFO - utils.data_parser - data_parser.py:39 - 解析多线程数据 - elint
2026-08-03 18:00:23 - INFO - utils.multi_thread_parser - multi_thread_parser.py:17 - 多线程数据解析器初始化
2026-08-03 18:00:23 - INFO - utils.multi_thread_parser - multi_thread_parser.py:29 - 开始解析多线程数据，模式：multi，工具ID：elint
2026-08-03 18:00:23 - INFO - utils.multi_thread_parser - multi_thread_parser.py:223 - 多线程增量更新数据 C:\Users\xbzhong\Desktop\lint\script\monitor\develop\monitor\monitor2.5\data\elint\original\multi\aes\cputime\E0000.json 不存在，直接保存 ...
2026-08-03 18:00:23 - INFO - utils.common - common.py:85 - 成功保存工具数据到 C:\Users\xbzhong\Desktop\lint\script\monitor\develop\monitor\monitor2.5\data\elint\original\multi\aes\cputime\E0000.json
2026-08-03 18:00:23 - INFO - utils.multi_thread_parser - multi_thread_parser.py:223 - 多线程增量更新数据 C:\Users\xbzhong\Desktop\lint\script\monitor\develop\monitor\monitor2.5\data\elint\original\multi\aes\peakmem\E0000.json 不存在，直接保存 ...
2026-08-03 18:00:23 - INFO - utils.common - common.py:85 - 成功保存工具数据到 C:\Users\xbzhong\Desktop\lint\script\monitor\develop\monitor\monitor2.5\data\elint\original\multi\aes\peakmem\E0000.json
2026-08-03 18:00:23 - INFO - utils.multi_thread_parser - multi_thread_parser.py:223 - 多线程增量更新数据 C:\Users\xbzhong\Desktop\lint\script\monitor\develop\monitor\monitor2.5\data\elint\original\multi\aes\realtime\E0000.json 不存在，直接保存 ...
2026-08-03 18:00:23 - INFO - utils.common - common.py:85 - 成功保存工具数据到 C:\Users\xbzhong\Desktop\lint\script\monitor\develop\monitor\monitor2.5\data\elint\original\multi\aes\realtime\E0000.json
2026-08-03 18:00:23 - INFO - utils.multi_thread_parser - multi_thread_parser.py:223 - 多线程增量更新数据 C:\Users\xbzhong\Desktop\lint\script\monitor\develop\monitor\monitor2.5\data\elint\original\multi\aes\incmen\E0000.json 不存在，直接保存 ...
2026-08-03 18:00:23 - INFO - utils.common - common.py:85 - 成功保存工具数据到 C:\Users\xbzhong\Desktop\lint\script\monitor\develop\monitor\monitor2.5\data\elint\original\multi\aes\incmen\E0000.json
2026-08-03 18:00:23 - INFO - utils.multi_thread_parser - multi_thread_parser.py:223 - 多线程增量更新数据 C:\Users\xbzhong\Desktop\lint\script\monitor\develop\monitor\monitor2.5\data\elint\original\multi\aes\realtimeincmen\E0000.json 不存在，直接保存 ...
2026-08-03 18:00:23 - INFO - utils.common - common.py:85 - 成功保存工具数据到 C:\Users\xbzhong\Desktop\lint\script\monitor\develop\monitor\monitor2.5\data\elint\original\multi\aes\realtimeincmen\E0000.json
2026-08-03 18:00:23 - INFO - utils.multi_thread_parser - multi_thread_parser.py:223 - 多线程增量更新数据 C:\Users\xbzhong\Desktop\lint\script\monitor\develop\monitor\monitor2.5\data\elint\original\multi\aes\cputime\E0007.json 不存在，直接保存 ...
2026-08-03 18:00:23 - INFO - utils.common - common.py:85 - 成功保存工具数据到 C:\Users\xbzhong\Desktop\lint\script\monitor\develop\monitor\monitor2.5\data\elint\original\multi\aes\cputime\E0007.json
2026-08-03 18:00:23 - INFO - utils.multi_thread_parser - multi_thread_parser.py:223 - 多线程增量更新数据 C:\Users\xbzhong\Desktop\lint\script\monitor\develop\monitor\monitor2.5\data\elint\original\multi\aes\peakmem\E0007.json 不存在，直接保存 ...
2026-08-03 18:00:23 - INFO - utils.common - common.py:85 - 成功保存工具数据到 C:\Users\xbzhong\Desktop\lint\script\monitor\develop\monitor\monitor2.5\data\elint\original\multi\aes\peakmem\E0007.json
2026-08-03 18:00:23 - INFO - utils.multi_thread_parser - multi_thread_parser.py:223 - 多线程增量更新数据 C:\Users\xbzhong\Desktop\lint\script\monitor\develop\monitor\monitor2.5\data\elint\original\multi\aes\realtime\E0007.json 不存在，直接保存 ...
2026-08-03 18:00:23 - INFO - utils.common - common.py:85 - 成功保存工具数据到 C:\Users\xbzhong\Desktop\lint\script\monitor\develop\monitor\monitor2.5\data\elint\original\multi\aes\realtime\E0007.json
2026-08-03 18:00:23 - INFO - utils.multi_thread_parser - multi_thread_parser.py:223 - 多线程增量更新数据 C:\Users\xbzhong\Desktop\lint\script\monitor\develop\monitor\monitor2.5\data\elint\original\multi\aes\incmen\E0007.json 不存在，直接保存 ...
2026-08-03 18:00:23 - INFO - utils.common - common.py:85 - 成功保存工具数据到 C:\Users\xbzhong\Desktop\lint\script\monitor\develop\monitor\monitor2.5\data\elint\original\multi\aes\incmen\E0007.json
2026-08-03 18:00:23 - INFO - utils.multi_thread_parser - multi_thread_parser.py:223 - 多线程增量更新数据 C:\Users\xbzhong\Desktop\lint\script\monitor\develop\monitor\monitor2.5\data\elint\original\multi\aes\realtimeincmen\E0007.json 不存在，直接保存 ...
2026-08-03 18:00:23 - INFO - utils.common - common.py:85 - 成功保存工具数据到 C:\Users\xbzhong\Desktop\lint\script\monitor\develop\monitor\monitor2.5\data\elint\original\multi\aes\realtimeincmen\E0007.json
2026-08-03 18:00:23 - INFO - utils.multi_thread_parser - multi_thread_parser.py:223 - 多线程增量更新数据 C:\Users\xbzhong\Desktop\lint\script\monitor\develop\monitor\monitor2.5\data\elint\original\multi\aes\cputime\E0326.json 不存在，直接保存 ...
2026-08-03 18:00:23 - INFO - utils.common - common.py:85 - 成功保存工具数据到 C:\Users\xbzhong\Desktop\lint\script\monitor\develop\monitor\monitor2.5\data\elint\original\multi\aes\cputime\E0326.json
2026-08-03 18:00:23 - INFO - utils.multi_thread_parser - multi_thread_parser.py:223 - 多线程增量更新数据 C:\Users\xbzhong\Desktop\lint\script\monitor\develop\monitor\monitor2.5\data\elint\original\multi\aes\peakmem\E0326.json 不存在，直接保存 ...
2026-08-03 18:00:23 - INFO - utils.common - common.py:85 - 成功保存工具数据到 C:\Users\xbzhong\Desktop\lint\script\monitor\develop\monitor\monitor2.5\data\elint\original\multi\aes\peakmem\E0326.json
2026-08-03 18:00:23 - INFO - utils.multi_thread_parser - multi_thread_parser.py:223 - 多线程增量更新数据 C:\Users\xbzhong\Desktop\lint\script\monitor\develop\monitor\monitor2.5\data\elint\original\multi\aes\realtime\E0326.json 不存在，直接保存 ...
2026-08-03 18:00:23 - INFO - utils.common - common.py:85 - 成功保存工具数据到 C:\Users\xbzhong\Desktop\lint\script\monitor\develop\monitor\monitor2.5\data\elint\original\multi\aes\realtime\E0326.json
2026-08-03 18:00:23 - INFO - utils.multi_thread_parser - multi_thread_parser.py:223 - 多线程增量更新数据 C:\Users\xbzhong\Desktop\lint\script\monitor\develop\monitor\monitor2.5\data\elint\original\multi\aes\incmen\E0326.json 不存在，直接保存 ...
2026-08-03 18:00:23 - INFO - utils.common - common.py:85 - 成功保存工具数据到 C:\Users\xbzhong\Desktop\lint\script\monitor\develop\monitor\monitor2.5\data\elint\original\multi\aes\incmen\E0326.json
2026-08-03 18:00:23 - INFO - utils.multi_thread_parser - multi_thread_parser.py:223 - 多线程增量更新数据 C:\Users\xbzhong\Desktop\lint\script\monitor\develop\monitor\monitor2.5\data\elint\original\multi\aes\realtimeincmen\E0326.json 不存在，直接保存 ...
2026-08-03 18:00:23 - INFO - utils.common - common.py:85 - 成功保存工具数据到 C:\Users\xbzhong\Desktop\lint\script\monitor\develop\monitor\monitor2.5\data\elint\original\multi\aes\realtimeincmen\E0326.json
2026-08-03 18:00:23 - INFO - utils.multi_thread_parser - multi_thread_parser.py:223 - 多线程增量更新数据 C:\Users\xbzhong\Desktop\lint\script\monitor\develop\monitor\monitor2.5\data\elint\original\multi\aes\cputime\E0096.json 不存在，直接保存 ...
2026-08-03 18:00:23 - INFO - utils.common - common.py:85 - 成功保存工具数据到 C:\Users\xbzhong\Desktop\lint\script\monitor\develop\monitor\monitor2.5\data\elint\original\multi\aes\cputime\E0096.json
2026-08-03 18:00:23 - INFO - utils.multi_thread_parser - multi_thread_parser.py:223 - 多线程增量更新数据 C:\Users\xbzhong\Desktop\lint\script\monitor\develop\monitor\monitor2.5\data\elint\original\multi\aes\peakmem\E0096.json 不存在，直接保存 ...
2026-08-03 18:00:23 - INFO - utils.common - common.py:85 - 成功保存工具数据到 C:\Users\xbzhong\Desktop\lint\script\monitor\develop\monitor\monitor2.5\data\elint\original\multi\aes\peakmem\E0096.json
2026-08-03 18:00:23 - INFO - utils.multi_thread_parser - multi_thread_parser.py:223 - 多线程增量更新数据 C:\Users\xbzhong\Desktop\lint\script\monitor\develop\monitor\monitor2.5\data\elint\original\multi\aes\realtime\E0096.json 不存在，直接保存 ...
2026-08-03 18:00:23 - INFO - utils.common - common.py:85 - 成功保存工具数据到 C:\Users\xbzhong\Desktop\lint\script\monitor\develop\monitor\monitor2.5\data\elint\original\multi\aes\realtime\E0096.json
2026-08-03 18:00:23 - INFO - utils.multi_thread_parser - multi_thread_parser.py:223 - 多线程增量更新数据 C:\Users\xbzhong\Desktop\lint\script\monitor\develop\monitor\monitor2.5\data\elint\original\multi\aes\incmen\E0096.json 不存在，直接保存 ...
2026-08-03 18:00:23 - INFO - utils.common - common.py:85 - 成功保存工具数据到 C:\Users\xbzhong\Desktop\lint\script\monitor\develop\monitor\monitor2.5\data\elint\original\multi\aes\incmen\E0096.json
2026-08-03 18:00:23 - INFO - utils.multi_thread_parser - multi_thread_parser.py:223 - 多线程增量更新数据 C:\Users\xbzhong\Desktop\lint\script\monitor\develop\monitor\monitor2.5\data\elint\original\multi\aes\realtimeincmen\E0096.json 不存在，直接保存 ...
2026-08-03 18:00:23 - INFO - utils.common - common.py:85 - 成功保存工具数据到 C:\Users\xbzhong\Desktop\lint\script\monitor\develop\monitor\monitor2.5\data\elint\original\multi\aes\realtimeincmen\E0096.json
2026-08-03 18:00:23 - INFO - utils.multi_thread_parser - multi_thread_parser.py:223 - 多线程增量更新数据 C:\Users\xbzhong\Desktop\lint\script\monitor\develop\monitor\monitor2.5\data\elint\original\multi\aes\cputime\read_design.json 不存在，直接保存 ...
2026-08-03 18:00:23 - INFO - utils.common - common.py:85 - 成功保存工具数据到 C:\Users\xbzhong\Desktop\lint\script\monitor\develop\monitor\monitor2.5\data\elint\original\multi\aes\cputime\read_design.json
2026-08-03 18:00:23 - INFO - utils.multi_thread_parser - multi_thread_parser.py:223 - 多线程增量更新数据 C:\Users\xbzhong\Desktop\lint\script\monitor\develop\monitor\monitor2.5\data\elint\original\multi\aes\peakmem\read_design.json 不存在，直接保存 ...
2026-08-03 18:00:23 - INFO - utils.common - common.py:85 - 成功保存工具数据到 C:\Users\xbzhong\Desktop\lint\script\monitor\develop\monitor\monitor2.5\data\elint\original\multi\aes\peakmem\read_design.json
2026-08-03 18:00:23 - INFO - utils.multi_thread_parser - multi_thread_parser.py:223 - 多线程增量更新数据 C:\Users\xbzhong\Desktop\lint\script\monitor\develop\monitor\monitor2.5\data\elint\original\multi\aes\realtime\read_design.json 不存在，直接保存 ...
2026-08-03 18:00:23 - INFO - utils.common - common.py:85 - 成功保存工具数据到 C:\Users\xbzhong\Desktop\lint\script\monitor\develop\monitor\monitor2.5\data\elint\original\multi\aes\realtime\read_design.json
2026-08-03 18:00:23 - INFO - utils.multi_thread_parser - multi_thread_parser.py:223 - 多线程增量更新数据 C:\Users\xbzhong\Desktop\lint\script\monitor\develop\monitor\monitor2.5\data\elint\original\multi\aes\incmen\read_design.json 不存在，直接保存 ...
2026-08-03 18:00:23 - INFO - utils.common - common.py:85 - 成功保存工具数据到 C:\Users\xbzhong\Desktop\lint\script\monitor\develop\monitor\monitor2.5\data\elint\original\multi\aes\incmen\read_design.json
2026-08-03 18:00:23 - INFO - utils.multi_thread_parser - multi_thread_parser.py:223 - 多线程增量更新数据 C:\Users\xbzhong\Desktop\lint\script\monitor\develop\monitor\monitor2.5\data\elint\original\multi\aes\realtimeincmen\read_design.json 不存在，直接保存 ...
2026-08-03 18:00:23 - INFO - utils.common - common.py:85 - 成功保存工具数据到 C:\Users\xbzhong\Desktop\lint\script\monitor\develop\monitor\monitor2.5\data\elint\original\multi\aes\realtimeincmen\read_design.json
2026-08-03 18:00:23 - INFO - utils.multi_thread_parser - multi_thread_parser.py:223 - 多线程增量更新数据 C:\Users\xbzhong\Desktop\lint\script\monitor\develop\monitor\monitor2.5\data\elint\original\multi\aes\cputime\check_lint.json 不存在，直接保存 ...
2026-08-03 18:00:23 - INFO - utils.common - common.py:85 - 成功保存工具数据到 C:\Users\xbzhong\Desktop\lint\script\monitor\develop\monitor\monitor2.5\data\elint\original\multi\aes\cputime\check_lint.json
2026-08-03 18:00:23 - INFO - utils.multi_thread_parser - multi_thread_parser.py:223 - 多线程增量更新数据 C:\Users\xbzhong\Desktop\lint\script\monitor\develop\monitor\monitor2.5\data\elint\original\multi\aes\peakmem\check_lint.json 不存在，直接保存 ...
2026-08-03 18:00:23 - INFO - utils.common - common.py:85 - 成功保存工具数据到 C:\Users\xbzhong\Desktop\lint\script\monitor\develop\monitor\monitor2.5\data\elint\original\multi\aes\peakmem\check_lint.json
2026-08-03 18:00:23 - INFO - utils.multi_thread_parser - multi_thread_parser.py:223 - 多线程增量更新数据 C:\Users\xbzhong\Desktop\lint\script\monitor\develop\monitor\monitor2.5\data\elint\original\multi\aes\realtime\check_lint.json 不存在，直接保存 ...
2026-08-03 18:00:23 - INFO - utils.common - common.py:85 - 成功保存工具数据到 C:\Users\xbzhong\Desktop\lint\script\monitor\develop\monitor\monitor2.5\data\elint\original\multi\aes\realtime\check_lint.json
2026-08-03 18:00:23 - INFO - utils.multi_thread_parser - multi_thread_parser.py:223 - 多线程增量更新数据 C:\Users\xbzhong\Desktop\lint\script\monitor\develop\monitor\monitor2.5\data\elint\original\multi\aes\incmen\check_lint.json 不存在，直接保存 ...
2026-08-03 18:00:23 - INFO - utils.common - common.py:85 - 成功保存工具数据到 C:\Users\xbzhong\Desktop\lint\script\monitor\develop\monitor\monitor2.5\data\elint\original\multi\aes\incmen\check_lint.json
2026-08-03 18:00:23 - INFO - utils.multi_thread_parser - multi_thread_parser.py:223 - 多线程增量更新数据 C:\Users\xbzhong\Desktop\lint\script\monitor\develop\monitor\monitor2.5\data\elint\original\multi\aes\realtimeincmen\check_lint.json 不存在，直接保存 ...
2026-08-03 18:00:23 - INFO - utils.common - common.py:85 - 成功保存工具数据到 C:\Users\xbzhong\Desktop\lint\script\monitor\develop\monitor\monitor2.5\data\elint\original\multi\aes\realtimeincmen\check_lint.json
2026-08-03 18:00:23 - INFO - utils.multi_thread_parser - multi_thread_parser.py:223 - 多线程增量更新数据 C:\Users\xbzhong\Desktop\lint\script\monitor\develop\monitor\monitor2.5\data\elint\original\multi\aes\cputime\save_session.json 不存在，直接保存 ...
2026-08-03 18:00:23 - INFO - utils.common - common.py:85 - 成功保存工具数据到 C:\Users\xbzhong\Desktop\lint\script\monitor\develop\monitor\monitor2.5\data\elint\original\multi\aes\cputime\save_session.json
2026-08-03 18:00:23 - INFO - utils.multi_thread_parser - multi_thread_parser.py:223 - 多线程增量更新数据 C:\Users\xbzhong\Desktop\lint\script\monitor\develop\monitor\monitor2.5\data\elint\original\multi\aes\peakmem\save_session.json 不存在，直接保存 ...
2026-08-03 18:00:23 - INFO - utils.common - common.py:85 - 成功保存工具数据到 C:\Users\xbzhong\Desktop\lint\script\monitor\develop\monitor\monitor2.5\data\elint\original\multi\aes\peakmem\save_session.json
2026-08-03 18:00:23 - INFO - utils.multi_thread_parser - multi_thread_parser.py:223 - 多线程增量更新数据 C:\Users\xbzhong\Desktop\lint\script\monitor\develop\monitor\monitor2.5\data\elint\original\multi\aes\realtime\save_session.json 不存在，直接保存 ...
2026-08-03 18:00:23 - INFO - utils.common - common.py:85 - 成功保存工具数据到 C:\Users\xbzhong\Desktop\lint\script\monitor\develop\monitor\monitor2.5\data\elint\original\multi\aes\realtime\save_session.json
2026-08-03 18:00:23 - INFO - utils.multi_thread_parser - multi_thread_parser.py:223 - 多线程增量更新数据 C:\Users\xbzhong\Desktop\lint\script\monitor\develop\monitor\monitor2.5\data\elint\original\multi\aes\incmen\save_session.json 不存在，直接保存 ...
2026-08-03 18:00:23 - INFO - utils.common - common.py:85 - 成功保存工具数据到 C:\Users\xbzhong\Desktop\lint\script\monitor\develop\monitor\monitor2.5\data\elint\original\multi\aes\incmen\save_session.json
2026-08-03 18:00:23 - INFO - utils.multi_thread_parser - multi_thread_parser.py:223 - 多线程增量更新数据 C:\Users\xbzhong\Desktop\lint\script\monitor\develop\monitor\monitor2.5\data\elint\original\multi\aes\realtimeincmen\save_session.json 不存在，直接保存 ...
2026-08-03 18:00:23 - INFO - utils.common - common.py:85 - 成功保存工具数据到 C:\Users\xbzhong\Desktop\lint\script\monitor\develop\monitor\monitor2.5\data\elint\original\multi\aes\realtimeincmen\save_session.json
2026-08-03 18:00:23 - INFO - utils.multi_thread_parser - multi_thread_parser.py:223 - 多线程增量更新数据 C:\Users\xbzhong\Desktop\lint\script\monitor\develop\monitor\monitor2.5\data\elint\original\multi\aes\cputime\Overall.json 不存在，直接保存 ...
2026-08-03 18:00:23 - INFO - utils.common - common.py:85 - 成功保存工具数据到 C:\Users\xbzhong\Desktop\lint\script\monitor\develop\monitor\monitor2.5\data\elint\original\multi\aes\cputime\Overall.json
2026-08-03 18:00:23 - INFO - utils.multi_thread_parser - multi_thread_parser.py:223 - 多线程增量更新数据 C:\Users\xbzhong\Desktop\lint\script\monitor\develop\monitor\monitor2.5\data\elint\original\multi\aes\peakmem\Overall.json 不存在，直接保存 ...
2026-08-03 18:00:23 - INFO - utils.common - common.py:85 - 成功保存工具数据到 C:\Users\xbzhong\Desktop\lint\script\monitor\develop\monitor\monitor2.5\data\elint\original\multi\aes\peakmem\Overall.json
2026-08-03 18:00:23 - INFO - utils.multi_thread_parser - multi_thread_parser.py:223 - 多线程增量更新数据 C:\Users\xbzhong\Desktop\lint\script\monitor\develop\monitor\monitor2.5\data\elint\original\multi\aes\realtime\Overall.json 不存在，直接保存 ...
2026-08-03 18:00:23 - INFO - utils.common - common.py:85 - 成功保存工具数据到 C:\Users\xbzhong\Desktop\lint\script\monitor\develop\monitor\monitor2.5\data\elint\original\multi\aes\realtime\Overall.json
2026-08-03 18:00:23 - INFO - utils.multi_thread_parser - multi_thread_parser.py:223 - 多线程增量更新数据 C:\Users\xbzhong\Desktop\lint\script\monitor\develop\monitor\monitor2.5\data\elint\original\multi\aes\incmen\Overall.json 不存在，直接保存 ...
2026-08-03 18:00:23 - INFO - utils.common - common.py:85 - 成功保存工具数据到 C:\Users\xbzhong\Desktop\lint\script\monitor\develop\monitor\monitor2.5\data\elint\original\multi\aes\incmen\Overall.json
2026-08-03 18:00:23 - INFO - utils.multi_thread_parser - multi_thread_parser.py:223 - 多线程增量更新数据 C:\Users\xbzhong\Desktop\lint\script\monitor\develop\monitor\monitor2.5\data\elint\original\multi\aes\realtimeincmen\Overall.json 不存在，直接保存 ...
2026-08-03 18:00:23 - INFO - utils.common - common.py:85 - 成功保存工具数据到 C:\Users\xbzhong\Desktop\lint\script\monitor\develop\monitor\monitor2.5\data\elint\original\multi\aes\realtimeincmen\Overall.json
2026-08-03 18:00:23 - INFO - utils.common - common.py:85 - 成功保存工具数据到 C:\Users\xbzhong\Desktop\lint\script\monitor\develop\monitor\monitor2.5\data\elint\original\thread\aes\20260511\E0000.json
2026-08-03 18:00:23 - INFO - utils.common - common.py:85 - 成功保存工具数据到 C:\Users\xbzhong\Desktop\lint\script\monitor\develop\monitor\monitor2.5\data\elint\original\thread\aes\20260511\E0007.json
2026-08-03 18:00:23 - INFO - utils.common - common.py:85 - 成功保存工具数据到 C:\Users\xbzhong\Desktop\lint\script\monitor\develop\monitor\monitor2.5\data\elint\original\thread\aes\20260511\E0326.json
2026-08-03 18:00:23 - INFO - utils.common - common.py:85 - 成功保存工具数据到 C:\Users\xbzhong\Desktop\lint\script\monitor\develop\monitor\monitor2.5\data\elint\original\thread\aes\20260511\E0096.json
2026-08-03 18:00:23 - INFO - utils.common - common.py:85 - 成功保存工具数据到 C:\Users\xbzhong\Desktop\lint\script\monitor\develop\monitor\monitor2.5\data\elint\original\thread\aes\20260511\read_design.json
2026-08-03 18:00:23 - INFO - utils.common - common.py:85 - 成功保存工具数据到 C:\Users\xbzhong\Desktop\lint\script\monitor\develop\monitor\monitor2.5\data\elint\original\thread\aes\20260511\check_lint.json
2026-08-03 18:00:23 - INFO - utils.common - common.py:85 - 成功保存工具数据到 C:\Users\xbzhong\Desktop\lint\script\monitor\develop\monitor\monitor2.5\data\elint\original\thread\aes\20260511\save_session.json
2026-08-03 18:00:23 - INFO - utils.common - common.py:85 - 成功保存工具数据到 C:\Users\xbzhong\Desktop\lint\script\monitor\develop\monitor\monitor2.5\data\elint\original\thread\aes\20260511\Overall.json
2026-08-03 18:00:23 - INFO - utils.common - common.py:85 - 成功保存工具数据到 C:\Users\xbzhong\Desktop\lint\script\monitor\develop\monitor\monitor2.5\data\elint\original\thread\aes\20260513\E0000.json
2026-08-03 18:00:23 - INFO - utils.common - common.py:85 - 成功保存工具数据到 C:\Users\xbzhong\Desktop\lint\script\monitor\develop\monitor\monitor2.5\data\elint\original\thread\aes\20260513\E0007.json
2026-08-03 18:00:23 - INFO - utils.common - common.py:85 - 成功保存工具数据到 C:\Users\xbzhong\Desktop\lint\script\monitor\develop\monitor\monitor2.5\data\elint\original\thread\aes\20260513\E0326.json
2026-08-03 18:00:23 - INFO - utils.common - common.py:85 - 成功保存工具数据到 C:\Users\xbzhong\Desktop\lint\script\monitor\develop\monitor\monitor2.5\data\elint\original\thread\aes\20260513\E0096.json
2026-08-03 18:00:23 - INFO - utils.common - common.py:85 - 成功保存工具数据到 C:\Users\xbzhong\Desktop\lint\script\monitor\develop\monitor\monitor2.5\data\elint\original\thread\aes\20260513\read_design.json
2026-08-03 18:00:23 - INFO - utils.common - common.py:85 - 成功保存工具数据到 C:\Users\xbzhong\Desktop\lint\script\monitor\develop\monitor\monitor2.5\data\elint\original\thread\aes\20260513\check_lint.json
2026-08-03 18:00:23 - INFO - utils.common - common.py:85 - 成功保存工具数据到 C:\Users\xbzhong\Desktop\lint\script\monitor\develop\monitor\monitor2.5\data\elint\original\thread\aes\20260513\save_session.json
2026-08-03 18:00:23 - INFO - utils.common - common.py:85 - 成功保存工具数据到 C:\Users\xbzhong\Desktop\lint\script\monitor\develop\monitor\monitor2.5\data\elint\original\thread\aes\20260513\Overall.json
2026-08-03 18:00:23 - INFO - utils.common - common.py:85 - 成功保存工具数据到 C:\Users\xbzhong\Desktop\lint\script\monitor\develop\monitor\monitor2.5\data\elint\original\thread\aes\20260515\E0000.json
2026-08-03 18:00:23 - INFO - utils.common - common.py:85 - 成功保存工具数据到 C:\Users\xbzhong\Desktop\lint\script\monitor\develop\monitor\monitor2.5\data\elint\original\thread\aes\20260515\E0007.json
2026-08-03 18:00:23 - INFO - utils.common - common.py:85 - 成功保存工具数据到 C:\Users\xbzhong\Desktop\lint\script\monitor\develop\monitor\monitor2.5\data\elint\original\thread\aes\20260515\E0326.json
2026-08-03 18:00:23 - INFO - utils.common - common.py:85 - 成功保存工具数据到 C:\Users\xbzhong\Desktop\lint\script\monitor\develop\monitor\monitor2.5\data\elint\original\thread\aes\20260515\E0096.json
2026-08-03 18:00:23 - INFO - utils.multi_thread_parser - multi_thread_parser.py:223 - 多线程增量更新数据 C:\Users\xbzhong\Desktop\lint\script\monitor\develop\monitor\monitor2.5\data\elint\original\multi\pcie\cputime\E0000.json 不存在，直接保存 ...
2026-08-03 18:00:23 - INFO - utils.common - common.py:85 - 成功保存工具数据到 C:\Users\xbzhong\Desktop\lint\script\monitor\develop\monitor\monitor2.5\data\elint\original\multi\pcie\cputime\E0000.json
2026-08-03 18:00:23 - INFO - utils.multi_thread_parser - multi_thread_parser.py:223 - 多线程增量更新数据 C:\Users\xbzhong\Desktop\lint\script\monitor\develop\monitor\monitor2.5\data\elint\original\multi\pcie\peakmem\E0000.json 不存在，直接保存 ...
2026-08-03 18:00:23 - INFO - utils.common - common.py:85 - 成功保存工具数据到 C:\Users\xbzhong\Desktop\lint\script\monitor\develop\monitor\monitor2.5\data\elint\original\multi\pcie\peakmem\E0000.json
2026-08-03 18:00:23 - INFO - utils.multi_thread_parser - multi_thread_parser.py:223 - 多线程增量更新数据 C:\Users\xbzhong\Desktop\lint\script\monitor\develop\monitor\monitor2.5\data\elint\original\multi\pcie\realtime\E0000.json 不存在，直接保存 ...
2026-08-03 18:00:23 - INFO - utils.common - common.py:85 - 成功保存工具数据到 C:\Users\xbzhong\Desktop\lint\script\monitor\develop\monitor\monitor2.5\data\elint\original\multi\pcie\realtime\E0000.json
2026-08-03 18:00:23 - INFO - utils.multi_thread_parser - multi_thread_parser.py:223 - 多线程增量更新数据 C:\Users\xbzhong\Desktop\lint\script\monitor\develop\monitor\monitor2.5\data\elint\original\multi\pcie\incmen\E0000.json 不存在，直接保存 ...
2026-08-03 18:00:23 - INFO - utils.common - common.py:85 - 成功保存工具数据到 C:\Users\xbzhong\Desktop\lint\script\monitor\develop\monitor\monitor2.5\data\elint\original\multi\pcie\incmen\E0000.json
2026-08-03 18:00:23 - INFO - utils.multi_thread_parser - multi_thread_parser.py:223 - 多线程增量更新数据 C:\Users\xbzhong\Desktop\lint\script\monitor\develop\monitor\monitor2.5\data\elint\original\multi\pcie\realtimeincmen\E0000.json 不存在，直接保存 ...
2026-08-03 18:00:23 - INFO - utils.common - common.py:85 - 成功保存工具数据到 C:\Users\xbzhong\Desktop\lint\script\monitor\develop\monitor\monitor2.5\data\elint\original\multi\pcie\realtimeincmen\E0000.json
2026-08-03 18:00:23 - INFO - utils.multi_thread_parser - multi_thread_parser.py:223 - 多线程增量更新数据 C:\Users\xbzhong\Desktop\lint\script\monitor\develop\monitor\monitor2.5\data\elint\original\multi\pcie\cputime\E0007.json 不存在，直接保存 ...
2026-08-03 18:00:23 - INFO - utils.common - common.py:85 - 成功保存工具数据到 C:\Users\xbzhong\Desktop\lint\script\monitor\develop\monitor\monitor2.5\data\elint\original\multi\pcie\cputime\E0007.json
2026-08-03 18:00:23 - INFO - utils.multi_thread_parser - multi_thread_parser.py:223 - 多线程增量更新数据 C:\Users\xbzhong\Desktop\lint\script\monitor\develop\monitor\monitor2.5\data\elint\original\multi\pcie\peakmem\E0007.json 不存在，直接保存 ...
2026-08-03 18:00:23 - INFO - utils.common - common.py:85 - 成功保存工具数据到 C:\Users\xbzhong\Desktop\lint\script\monitor\develop\monitor\monitor2.5\data\elint\original\multi\pcie\peakmem\E0007.json
2026-08-03 18:00:23 - INFO - utils.multi_thread_parser - multi_thread_parser.py:223 - 多线程增量更新数据 C:\Users\xbzhong\Desktop\lint\script\monitor\develop\monitor\monitor2.5\data\elint\original\multi\pcie\realtime\E0007.json 不存在，直接保存 ...
2026-08-03 18:00:23 - INFO - utils.common - common.py:85 - 成功保存工具数据到 C:\Users\xbzhong\Desktop\lint\script\monitor\develop\monitor\monitor2.5\data\elint\original\multi\pcie\realtime\E0007.json
2026-08-03 18:00:23 - INFO - utils.multi_thread_parser - multi_thread_parser.py:223 - 多线程增量更新数据 C:\Users\xbzhong\Desktop\lint\script\monitor\develop\monitor\monitor2.5\data\elint\original\multi\pcie\incmen\E0007.json 不存在，直接保存 ...
2026-08-03 18:00:23 - INFO - utils.common - common.py:85 - 成功保存工具数据到 C:\Users\xbzhong\Desktop\lint\script\monitor\develop\monitor\monitor2.5\data\elint\original\multi\pcie\incmen\E0007.json
2026-08-03 18:00:23 - INFO - utils.multi_thread_parser - multi_thread_parser.py:223 - 多线程增量更新数据 C:\Users\xbzhong\Desktop\lint\script\monitor\develop\monitor\monitor2.5\data\elint\original\multi\pcie\realtimeincmen\E0007.json 不存在，直接保存 ...
2026-08-03 18:00:23 - INFO - utils.common - common.py:85 - 成功保存工具数据到 C:\Users\xbzhong\Desktop\lint\script\monitor\develop\monitor\monitor2.5\data\elint\original\multi\pcie\realtimeincmen\E0007.json
2026-08-03 18:00:23 - INFO - utils.multi_thread_parser - multi_thread_parser.py:223 - 多线程增量更新数据 C:\Users\xbzhong\Desktop\lint\script\monitor\develop\monitor\monitor2.5\data\elint\original\multi\pcie\cputime\E0326.json 不存在，直接保存 ...
2026-08-03 18:00:23 - INFO - utils.common - common.py:85 - 成功保存工具数据到 C:\Users\xbzhong\Desktop\lint\script\monitor\develop\monitor\monitor2.5\data\elint\original\multi\pcie\cputime\E0326.json
2026-08-03 18:00:23 - INFO - utils.multi_thread_parser - multi_thread_parser.py:223 - 多线程增量更新数据 C:\Users\xbzhong\Desktop\lint\script\monitor\develop\monitor\monitor2.5\data\elint\original\multi\pcie\peakmem\E0326.json 不存在，直接保存 ...
2026-08-03 18:00:23 - INFO - utils.common - common.py:85 - 成功保存工具数据到 C:\Users\xbzhong\Desktop\lint\script\monitor\develop\monitor\monitor2.5\data\elint\original\multi\pcie\peakmem\E0326.json
2026-08-03 18:00:23 - INFO - utils.multi_thread_parser - multi_thread_parser.py:223 - 多线程增量更新数据 C:\Users\xbzhong\Desktop\lint\script\monitor\develop\monitor\monitor2.5\data\elint\original\multi\pcie\realtime\E0326.json 不存在，直接保存 ...
2026-08-03 18:00:23 - INFO - utils.common - common.py:85 - 成功保存工具数据到 C:\Users\xbzhong\Desktop\lint\script\monitor\develop\monitor\monitor2.5\data\elint\original\multi\pcie\realtime\E0326.json
2026-08-03 18:00:23 - INFO - utils.multi_thread_parser - multi_thread_parser.py:223 - 多线程增量更新数据 C:\Users\xbzhong\Desktop\lint\script\monitor\develop\monitor\monitor2.5\data\elint\original\multi\pcie\incmen\E0326.json 不存在，直接保存 ...
2026-08-03 18:00:23 - INFO - utils.common - common.py:85 - 成功保存工具数据到 C:\Users\xbzhong\Desktop\lint\script\monitor\develop\monitor\monitor2.5\data\elint\original\multi\pcie\incmen\E0326.json
2026-08-03 18:00:23 - INFO - utils.multi_thread_parser - multi_thread_parser.py:223 - 多线程增量更新数据 C:\Users\xbzhong\Desktop\lint\script\monitor\develop\monitor\monitor2.5\data\elint\original\multi\pcie\realtimeincmen\E0326.json 不存在，直接保存 ...
2026-08-03 18:00:23 - INFO - utils.common - common.py:85 - 成功保存工具数据到 C:\Users\xbzhong\Desktop\lint\script\monitor\develop\monitor\monitor2.5\data\elint\original\multi\pcie\realtimeincmen\E0326.json
2026-08-03 18:00:23 - INFO - utils.multi_thread_parser - multi_thread_parser.py:223 - 多线程增量更新数据 C:\Users\xbzhong\Desktop\lint\script\monitor\develop\monitor\monitor2.5\data\elint\original\multi\pcie\cputime\E0096.json 不存在，直接保存 ...
2026-08-03 18:00:23 - INFO - utils.common - common.py:85 - 成功保存工具数据到 C:\Users\xbzhong\Desktop\lint\script\monitor\develop\monitor\monitor2.5\data\elint\original\multi\pcie\cputime\E0096.json
2026-08-03 18:00:23 - INFO - utils.multi_thread_parser - multi_thread_parser.py:223 - 多线程增量更新数据 C:\Users\xbzhong\Desktop\lint\script\monitor\develop\monitor\monitor2.5\data\elint\original\multi\pcie\peakmem\E0096.json 不存在，直接保存 ...
2026-08-03 18:00:23 - INFO - utils.common - common.py:85 - 成功保存工具数据到 C:\Users\xbzhong\Desktop\lint\script\monitor\develop\monitor\monitor2.5\data\elint\original\multi\pcie\peakmem\E0096.json
2026-08-03 18:00:23 - INFO - utils.multi_thread_parser - multi_thread_parser.py:223 - 多线程增量更新数据 C:\Users\xbzhong\Desktop\lint\script\monitor\develop\monitor\monitor2.5\data\elint\original\multi\pcie\realtime\E0096.json 不存在，直接保存 ...
2026-08-03 18:00:23 - INFO - utils.common - common.py:85 - 成功保存工具数据到 C:\Users\xbzhong\Desktop\lint\script\monitor\develop\monitor\monitor2.5\data\elint\original\multi\pcie\realtime\E0096.json
2026-08-03 18:00:23 - INFO - utils.multi_thread_parser - multi_thread_parser.py:223 - 多线程增量更新数据 C:\Users\xbzhong\Desktop\lint\script\monitor\develop\monitor\monitor2.5\data\elint\original\multi\pcie\incmen\E0096.json 不存在，直接保存 ...
2026-08-03 18:00:23 - INFO - utils.common - common.py:85 - 成功保存工具数据到 C:\Users\xbzhong\Desktop\lint\script\monitor\develop\monitor\monitor2.5\data\elint\original\multi\pcie\incmen\E0096.json
2026-08-03 18:00:23 - INFO - utils.multi_thread_parser - multi_thread_parser.py:223 - 多线程增量更新数据 C:\Users\xbzhong\Desktop\lint\script\monitor\develop\monitor\monitor2.5\data\elint\original\multi\pcie\realtimeincmen\E0096.json 不存在，直接保存 ...
2026-08-03 18:00:23 - INFO - utils.common - common.py:85 - 成功保存工具数据到 C:\Users\xbzhong\Desktop\lint\script\monitor\develop\monitor\monitor2.5\data\elint\original\multi\pcie\realtimeincmen\E0096.json
2026-08-03 18:00:23 - INFO - utils.multi_thread_parser - multi_thread_parser.py:223 - 多线程增量更新数据 C:\Users\xbzhong\Desktop\lint\script\monitor\develop\monitor\monitor2.5\data\elint\original\multi\pcie\cputime\read_design.json 不存在，直接保存 ...
2026-08-03 18:00:23 - INFO - utils.common - common.py:85 - 成功保存工具数据到 C:\Users\xbzhong\Desktop\lint\script\monitor\develop\monitor\monitor2.5\data\elint\original\multi\pcie\cputime\read_design.json
2026-08-03 18:00:23 - INFO - utils.multi_thread_parser - multi_thread_parser.py:223 - 多线程增量更新数据 C:\Users\xbzhong\Desktop\lint\script\monitor\develop\monitor\monitor2.5\data\elint\original\multi\pcie\peakmem\read_design.json 不存在，直接保存 ...
2026-08-03 18:00:23 - INFO - utils.common - common.py:85 - 成功保存工具数据到 C:\Users\xbzhong\Desktop\lint\script\monitor\develop\monitor\monitor2.5\data\elint\original\multi\pcie\peakmem\read_design.json
2026-08-03 18:00:23 - INFO - utils.multi_thread_parser - multi_thread_parser.py:223 - 多线程增量更新数据 C:\Users\xbzhong\Desktop\lint\script\monitor\develop\monitor\monitor2.5\data\elint\original\multi\pcie\realtime\read_design.json 不存在，直接保存 ...
2026-08-03 18:00:23 - INFO - utils.common - common.py:85 - 成功保存工具数据到 C:\Users\xbzhong\Desktop\lint\script\monitor\develop\monitor\monitor2.5\data\elint\original\multi\pcie\realtime\read_design.json
2026-08-03 18:00:23 - INFO - utils.multi_thread_parser - multi_thread_parser.py:223 - 多线程增量更新数据 C:\Users\xbzhong\Desktop\lint\script\monitor\develop\monitor\monitor2.5\data\elint\original\multi\pcie\incmen\read_design.json 不存在，直接保存 ...
2026-08-03 18:00:23 - INFO - utils.common - common.py:85 - 成功保存工具数据到 C:\Users\xbzhong\Desktop\lint\script\monitor\develop\monitor\monitor2.5\data\elint\original\multi\pcie\incmen\read_design.json
2026-08-03 18:00:23 - INFO - utils.multi_thread_parser - multi_thread_parser.py:223 - 多线程增量更新数据 C:\Users\xbzhong\Desktop\lint\script\monitor\develop\monitor\monitor2.5\data\elint\original\multi\pcie\realtimeincmen\read_design.json 不存在，直接保存 ...
2026-08-03 18:00:23 - INFO - utils.common - common.py:85 - 成功保存工具数据到 C:\Users\xbzhong\Desktop\lint\script\monitor\develop\monitor\monitor2.5\data\elint\original\multi\pcie\realtimeincmen\read_design.json
2026-08-03 18:00:23 - INFO - utils.multi_thread_parser - multi_thread_parser.py:223 - 多线程增量更新数据 C:\Users\xbzhong\Desktop\lint\script\monitor\develop\monitor\monitor2.5\data\elint\original\multi\pcie\cputime\check_lint.json 不存在，直接保存 ...
2026-08-03 18:00:23 - INFO - utils.common - common.py:85 - 成功保存工具数据到 C:\Users\xbzhong\Desktop\lint\script\monitor\develop\monitor\monitor2.5\data\elint\original\multi\pcie\cputime\check_lint.json
2026-08-03 18:00:23 - INFO - utils.multi_thread_parser - multi_thread_parser.py:223 - 多线程增量更新数据 C:\Users\xbzhong\Desktop\lint\script\monitor\develop\monitor\monitor2.5\data\elint\original\multi\pcie\peakmem\check_lint.json 不存在，直接保存 ...
2026-08-03 18:00:23 - INFO - utils.common - common.py:85 - 成功保存工具数据到 C:\Users\xbzhong\Desktop\lint\script\monitor\develop\monitor\monitor2.5\data\elint\original\multi\pcie\peakmem\check_lint.json
2026-08-03 18:00:23 - INFO - utils.multi_thread_parser - multi_thread_parser.py:223 - 多线程增量更新数据 C:\Users\xbzhong\Desktop\lint\script\monitor\develop\monitor\monitor2.5\data\elint\original\multi\pcie\realtime\check_lint.json 不存在，直接保存 ...
2026-08-03 18:00:23 - INFO - utils.common - common.py:85 - 成功保存工具数据到 C:\Users\xbzhong\Desktop\lint\script\monitor\develop\monitor\monitor2.5\data\elint\original\multi\pcie\realtime\check_lint.json
2026-08-03 18:00:23 - INFO - utils.multi_thread_parser - multi_thread_parser.py:223 - 多线程增量更新数据 C:\Users\xbzhong\Desktop\lint\script\monitor\develop\monitor\monitor2.5\data\elint\original\multi\pcie\incmen\check_lint.json 不存在，直接保存 ...
2026-08-03 18:00:23 - INFO - utils.common - common.py:85 - 成功保存工具数据到 C:\Users\xbzhong\Desktop\lint\script\monitor\develop\monitor\monitor2.5\data\elint\original\multi\pcie\incmen\check_lint.json
2026-08-03 18:00:23 - INFO - utils.multi_thread_parser - multi_thread_parser.py:223 - 多线程增量更新数据 C:\Users\xbzhong\Desktop\lint\script\monitor\develop\monitor\monitor2.5\data\elint\original\multi\pcie\realtimeincmen\check_lint.json 不存在，直接保存 ...
2026-08-03 18:00:23 - INFO - utils.common - common.py:85 - 成功保存工具数据到 C:\Users\xbzhong\Desktop\lint\script\monitor\develop\monitor\monitor2.5\data\elint\original\multi\pcie\realtimeincmen\check_lint.json
2026-08-03 18:00:23 - INFO - utils.multi_thread_parser - multi_thread_parser.py:223 - 多线程增量更新数据 C:\Users\xbzhong\Desktop\lint\script\monitor\develop\monitor\monitor2.5\data\elint\original\multi\pcie\cputime\save_session.json 不存在，直接保存 ...
2026-08-03 18:00:23 - INFO - utils.common - common.py:85 - 成功保存工具数据到 C:\Users\xbzhong\Desktop\lint\script\monitor\develop\monitor\monitor2.5\data\elint\original\multi\pcie\cputime\save_session.json
2026-08-03 18:00:23 - INFO - utils.multi_thread_parser - multi_thread_parser.py:223 - 多线程增量更新数据 C:\Users\xbzhong\Desktop\lint\script\monitor\develop\monitor\monitor2.5\data\elint\original\multi\pcie\peakmem\save_session.json 不存在，直接保存 ...
2026-08-03 18:00:23 - INFO - utils.common - common.py:85 - 成功保存工具数据到 C:\Users\xbzhong\Desktop\lint\script\monitor\develop\monitor\monitor2.5\data\elint\original\multi\pcie\peakmem\save_session.json
2026-08-03 18:00:23 - INFO - utils.multi_thread_parser - multi_thread_parser.py:223 - 多线程增量更新数据 C:\Users\xbzhong\Desktop\lint\script\monitor\develop\monitor\monitor2.5\data\elint\original\multi\pcie\realtime\save_session.json 不存在，直接保存 ...
2026-08-03 18:00:23 - INFO - utils.common - common.py:85 - 成功保存工具数据到 C:\Users\xbzhong\Desktop\lint\script\monitor\develop\monitor\monitor2.5\data\elint\original\multi\pcie\realtime\save_session.json
2026-08-03 18:00:23 - INFO - utils.multi_thread_parser - multi_thread_parser.py:223 - 多线程增量更新数据 C:\Users\xbzhong\Desktop\lint\script\monitor\develop\monitor\monitor2.5\data\elint\original\multi\pcie\incmen\save_session.json 不存在，直接保存 ...
2026-08-03 18:00:23 - INFO - utils.common - common.py:85 - 成功保存工具数据到 C:\Users\xbzhong\Desktop\lint\script\monitor\develop\monitor\monitor2.5\data\elint\original\multi\pcie\incmen\save_session.json
2026-08-03 18:00:23 - INFO - utils.multi_thread_parser - multi_thread_parser.py:223 - 多线程增量更新数据 C:\Users\xbzhong\Desktop\lint\script\monitor\develop\monitor\monitor2.5\data\elint\original\multi\pcie\realtimeincmen\save_session.json 不存在，直接保存 ...
2026-08-03 18:00:23 - INFO - utils.common - common.py:85 - 成功保存工具数据到 C:\Users\xbzhong\Desktop\lint\script\monitor\develop\monitor\monitor2.5\data\elint\original\multi\pcie\realtimeincmen\save_session.json
2026-08-03 18:00:23 - INFO - utils.multi_thread_parser - multi_thread_parser.py:223 - 多线程增量更新数据 C:\Users\xbzhong\Desktop\lint\script\monitor\develop\monitor\monitor2.5\data\elint\original\multi\pcie\cputime\Overall.json 不存在，直接保存 ...
2026-08-03 18:00:23 - INFO - utils.common - common.py:85 - 成功保存工具数据到 C:\Users\xbzhong\Desktop\lint\script\monitor\develop\monitor\monitor2.5\data\elint\original\multi\pcie\cputime\Overall.json
2026-08-03 18:00:23 - INFO - utils.multi_thread_parser - multi_thread_parser.py:223 - 多线程增量更新数据 C:\Users\xbzhong\Desktop\lint\script\monitor\develop\monitor\monitor2.5\data\elint\original\multi\pcie\peakmem\Overall.json 不存在，直接保存 ...
2026-08-03 18:00:23 - INFO - utils.common - common.py:85 - 成功保存工具数据到 C:\Users\xbzhong\Desktop\lint\script\monitor\develop\monitor\monitor2.5\data\elint\original\multi\pcie\peakmem\Overall.json
2026-08-03 18:00:23 - INFO - utils.multi_thread_parser - multi_thread_parser.py:223 - 多线程增量更新数据 C:\Users\xbzhong\Desktop\lint\script\monitor\develop\monitor\monitor2.5\data\elint\original\multi\pcie\realtime\Overall.json 不存在，直接保存 ...
2026-08-03 18:00:23 - INFO - utils.common - common.py:85 - 成功保存工具数据到 C:\Users\xbzhong\Desktop\lint\script\monitor\develop\monitor\monitor2.5\data\elint\original\multi\pcie\realtime\Overall.json
2026-08-03 18:00:23 - INFO - utils.multi_thread_parser - multi_thread_parser.py:223 - 多线程增量更新数据 C:\Users\xbzhong\Desktop\lint\script\monitor\develop\monitor\monitor2.5\data\elint\original\multi\pcie\incmen\Overall.json 不存在，直接保存 ...
2026-08-03 18:00:23 - INFO - utils.common - common.py:85 - 成功保存工具数据到 C:\Users\xbzhong\Desktop\lint\script\monitor\develop\monitor\monitor2.5\data\elint\original\multi\pcie\incmen\Overall.json
2026-08-03 18:00:23 - INFO - utils.multi_thread_parser - multi_thread_parser.py:223 - 多线程增量更新数据 C:\Users\xbzhong\Desktop\lint\script\monitor\develop\monitor\monitor2.5\data\elint\original\multi\pcie\realtimeincmen\Overall.json 不存在，直接保存 ...
2026-08-03 18:00:23 - INFO - utils.common - common.py:85 - 成功保存工具数据到 C:\Users\xbzhong\Desktop\lint\script\monitor\develop\monitor\monitor2.5\data\elint\original\multi\pcie\realtimeincmen\Overall.json
2026-08-03 18:00:23 - INFO - utils.common - common.py:85 - 成功保存工具数据到 C:\Users\xbzhong\Desktop\lint\script\monitor\develop\monitor\monitor2.5\data\elint\original\thread\pcie\20260511\E0000.json
2026-08-03 18:00:23 - INFO - utils.common - common.py:85 - 成功保存工具数据到 C:\Users\xbzhong\Desktop\lint\script\monitor\develop\monitor\monitor2.5\data\elint\original\thread\pcie\20260511\E0007.json
2026-08-03 18:00:23 - INFO - utils.common - common.py:85 - 成功保存工具数据到 C:\Users\xbzhong\Desktop\lint\script\monitor\develop\monitor\monitor2.5\data\elint\original\thread\pcie\20260511\E0326.json
2026-08-03 18:00:23 - INFO - utils.common - common.py:85 - 成功保存工具数据到 C:\Users\xbzhong\Desktop\lint\script\monitor\develop\monitor\monitor2.5\data\elint\original\thread\pcie\20260511\E0096.json
2026-08-03 18:00:23 - INFO - utils.common - common.py:85 - 成功保存工具数据到 C:\Users\xbzhong\Desktop\lint\script\monitor\develop\monitor\monitor2.5\data\elint\original\thread\pcie\20260511\read_design.json
2026-08-03 18:00:23 - INFO - utils.common - common.py:85 - 成功保存工具数据到 C:\Users\xbzhong\Desktop\lint\script\monitor\develop\monitor\monitor2.5\data\elint\original\thread\pcie\20260511\check_lint.json
2026-08-03 18:00:23 - INFO - utils.common - common.py:85 - 成功保存工具数据到 C:\Users\xbzhong\Desktop\lint\script\monitor\develop\monitor\monitor2.5\data\elint\original\thread\pcie\20260511\save_session.json
2026-08-03 18:00:23 - INFO - utils.common - common.py:85 - 成功保存工具数据到 C:\Users\xbzhong\Desktop\lint\script\monitor\develop\monitor\monitor2.5\data\elint\original\thread\pcie\20260511\Overall.json
2026-08-03 18:00:23 - INFO - utils.common - common.py:85 - 成功保存工具数据到 C:\Users\xbzhong\Desktop\lint\script\monitor\develop\monitor\monitor2.5\data\elint\original\thread\pcie\20260513\E0000.json
2026-08-03 18:00:23 - INFO - utils.common - common.py:85 - 成功保存工具数据到 C:\Users\xbzhong\Desktop\lint\script\monitor\develop\monitor\monitor2.5\data\elint\original\thread\pcie\20260513\E0007.json
2026-08-03 18:00:23 - INFO - utils.common - common.py:85 - 成功保存工具数据到 C:\Users\xbzhong\Desktop\lint\script\monitor\develop\monitor\monitor2.5\data\elint\original\thread\pcie\20260513\E0326.json
2026-08-03 18:00:23 - INFO - utils.common - common.py:85 - 成功保存工具数据到 C:\Users\xbzhong\Desktop\lint\script\monitor\develop\monitor\monitor2.5\data\elint\original\thread\pcie\20260513\E0096.json
2026-08-03 18:00:23 - INFO - utils.common - common.py:85 - 成功保存工具数据到 C:\Users\xbzhong\Desktop\lint\script\monitor\develop\monitor\monitor2.5\data\elint\original\thread\pcie\20260513\read_design.json
2026-08-03 18:00:23 - INFO - utils.common - common.py:85 - 成功保存工具数据到 C:\Users\xbzhong\Desktop\lint\script\monitor\develop\monitor\monitor2.5\data\elint\original\thread\pcie\20260513\check_lint.json
2026-08-03 18:00:23 - INFO - utils.common - common.py:85 - 成功保存工具数据到 C:\Users\xbzhong\Desktop\lint\script\monitor\develop\monitor\monitor2.5\data\elint\original\thread\pcie\20260513\save_session.json
2026-08-03 18:00:23 - INFO - utils.common - common.py:85 - 成功保存工具数据到 C:\Users\xbzhong\Desktop\lint\script\monitor\develop\monitor\monitor2.5\data\elint\original\thread\pcie\20260513\Overall.json
2026-08-03 18:00:23 - INFO - utils.common - common.py:85 - 成功保存工具数据到 C:\Users\xbzhong\Desktop\lint\script\monitor\develop\monitor\monitor2.5\data\elint\original\thread\pcie\20260515\E0000.json
2026-08-03 18:00:23 - INFO - utils.common - common.py:85 - 成功保存工具数据到 C:\Users\xbzhong\Desktop\lint\script\monitor\develop\monitor\monitor2.5\data\elint\original\thread\pcie\20260515\E0007.json
2026-08-03 18:00:23 - INFO - utils.common - common.py:85 - 成功保存工具数据到 C:\Users\xbzhong\Desktop\lint\script\monitor\develop\monitor\monitor2.5\data\elint\original\thread\pcie\20260515\E0326.json
2026-08-03 18:00:23 - INFO - utils.common - common.py:85 - 成功保存工具数据到 C:\Users\xbzhong\Desktop\lint\script\monitor\develop\monitor\monitor2.5\data\elint\original\thread\pcie\20260515\E0096.json
2026-08-03 18:00:23 - INFO - utils.common - common.py:85 - 成功保存工具数据到 C:\Users\xbzhong\Desktop\lint\script\monitor\develop\monitor\monitor2.5\data\elint\original\thread\pcie\20260515\read_design.json
2026-08-03 18:00:23 - INFO - utils.common - common.py:85 - 成功保存工具数据到 C:\Users\xbzhong\Desktop\lint\script\monitor\develop\monitor\monitor2.5\data\elint\original\thread\pcie\20260515\check_lint.json
2026-08-03 18:00:23 - INFO - utils.common - common.py:85 - 成功保存工具数据到 C:\Users\xbzhong\Desktop\lint\script\monitor\develop\monitor\monitor2.5\data\elint\original\thread\pcie\20260515\save_session.json
2026-08-03 18:00:23 - INFO - utils.common - common.py:85 - 成功保存工具数据到 C:\Users\xbzhong\Desktop\lint\script\monitor\develop\monitor\monitor2.5\data\elint\original\thread\pcie\20260515\Overall.json
2026-08-03 18:00:23 - INFO - utils.common - common.py:85 - 成功保存工具数据到 C:\Users\xbzhong\Desktop\lint\script\monitor\develop\monitor\monitor2.5\data\elint\multi.json
2026-08-03 18:00:23 - INFO - utils.data_manager - data_manager.py:163 - 后台解析完成并保存: C:\Users\xbzhong\Desktop\lint\script\monitor\develop\monitor\monitor2.5\data\elint\multi.json
2026-08-03 18:00:23 - INFO - utils.data_manager - data_manager.py:514 - 加载工具elint其他数据
2026-08-03 18:00:23 - INFO - werkzeug - _internal.py:97 - 192.168.0.112 - - [03/Aug/2026 18:00:23] "POST /api/tools/elint/data HTTP/1.1" 200 -
2026-08-03 18:00:23 - INFO - utils.common - common.py:95 - 成功加载工具数据从 C:\Users\xbzhong\Desktop\lint\script\monitor\develop\monitor\monitor2.5\data\elint\original\single\aes\cputime\Overall.json
2026-08-03 18:00:23 - INFO - werkzeug - _internal.py:97 - 192.168.0.112 - - [03/Aug/2026 18:00:23] "POST /api/chart/data HTTP/1.1" 200 -
2026-08-03 18:00:23 - INFO - utils.common - common.py:95 - 成功加载工具数据从 C:\Users\xbzhong\Desktop\lint\script\monitor\develop\monitor\monitor2.5\data\elint\original\multi\aes\cputime\Overall.json
2026-08-03 18:00:23 - INFO - werkzeug - _internal.py:97 - 192.168.0.112 - - [03/Aug/2026 18:00:23] "POST /api/chart/data HTTP/1.1" 200 -
2026-08-03 18:00:23 - INFO - utils.common - common.py:95 - 成功加载工具数据从 C:\Users\xbzhong\Desktop\lint\script\monitor\develop\monitor\monitor2.5\data\elint\original\single\aes\cputime\Overall.json
2026-08-03 18:00:23 - INFO - werkzeug - _internal.py:97 - 192.168.0.112 - - [03/Aug/2026 18:00:23] "POST /api/chart/data HTTP/1.1" 200 -
2026-08-03 18:00:25 - INFO - utils.common - common.py:95 - 成功加载工具数据从 C:\Users\xbzhong\Desktop\lint\script\monitor\develop\monitor\monitor2.5\data\elint\original\multi\aes\cputime\Overall.json
2026-08-03 18:00:25 - INFO - werkzeug - _internal.py:97 - 192.168.0.112 - - [03/Aug/2026 18:00:25] "POST /api/chart/data HTTP/1.1" 200 -
